2024-05-17 09:00:01 INFO  startup: runtime-gateway 2.4.1 booting (pid 4821)
2024-05-17 09:00:01 INFO  config: loaded configuration from /etc/gateway/config.toml
2024-05-17 09:00:02 INFO  db: connection pool established (max_open=25 max_idle=5)
2024-05-17 09:00:02 INFO  server: listening on 0.0.0.0:8443 (tls=true)
2024-05-17 09:00:05 DEBUG router: registered 14 routes
2024-05-17 09:01:11 INFO  request: GET /v2/search status=200 duration=42ms
2024-05-17 09:01:12 INFO  request: GET /v2/search status=200 duration=51ms
2024-05-17 09:01:13 WARN  ratelimit: client 10.0.4.18 exceeded 100 req/min, throttling
2024-05-17 09:01:15 ERROR db: connection timeout to db.internal.example.com after 5000ms
2024-05-17 09:01:16 INFO  request: POST /v2/export status=202 duration=88ms
2024-05-17 09:01:18 ERROR db: connection timeout to db.internal.example.com after 5000ms
2024-05-17 09:01:20 WARN  cache: miss rate 0.62 over last 60s
2024-05-17 09:01:22 ERROR db: connection timeout to db.internal.example.com after 5000ms
2024-05-17 09:01:25 INFO  request: GET /healthz status=200 duration=2ms
2024-05-17 09:01:31 ERROR upstream: request to inventory-svc failed: 503 Service Unavailable
2024-05-17 09:01:33 WARN  ratelimit: client 10.0.4.22 exceeded 100 req/min, throttling
2024-05-17 09:01:38 ERROR upstream: request to inventory-svc failed: 503 Service Unavailable
2024-05-17 09:01:41 INFO  request: GET /v2/search status=200 duration=39ms
2024-05-17 09:01:44 ERROR auth: token validation failed for user 8821: signature mismatch
2024-05-17 09:01:46 ERROR upstream: request to inventory-svc failed: 503 Service Unavailable
2024-05-17 09:01:49 INFO  request: GET /v2/search status=200 duration=47ms
2024-05-17 09:01:52 ERROR auth: token validation failed for user 9145: signature mismatch
2024-05-17 09:01:55 WARN  cache: miss rate 0.71 over last 60s
2024-05-17 09:01:58 ERROR db: connection timeout to db.internal.example.com after 5000ms
2024-05-17 09:02:03 INFO  request: POST /v2/export status=202 duration=92ms
2024-05-17 09:02:07 ERROR auth: token validation failed for user 7710: signature mismatch
2024-05-17 09:02:09 DEBUG gc: pause 1.8ms heap=128MB
2024-05-17 09:02:12 ERROR upstream: request to inventory-svc failed: 503 Service Unavailable
2024-05-17 09:02:15 INFO  request: GET /v2/search status=200 duration=44ms
2024-05-17 09:02:18 WARN  tls: client presented expired certificate, continuing in permissive mode
2024-05-17 09:02:21 ERROR db: connection timeout to db.internal.example.com after 5000ms
2024-05-17 09:02:25 INFO  shutdown: SIGTERM received, draining connections
2024-05-17 09:02:26 INFO  shutdown: 3 in-flight requests completed
2024-05-17 09:02:26 INFO  shutdown: runtime-gateway stopped cleanly
